[dotenv@17.2.4] injecting env (2) from .env -- tip: ≡ƒöä add secrets lifecycle management: https://dotenvx.com/ops
Checking Key: Present (AIzaS...)

Attempting 'gemini-1.5-flash'...
FAILED 'gemini-1.5-flash': [GoogleGenerativeAI Error]: Error fetching from https://generativelanguage.googleapis.com/v1beta/models/gemini-1.5-flash:generateContent: [404 Not Found] models/gemini-1.5-flash is not found for API version v1beta, or is not supported for generateContent. Call ListModels to see the list of available models and their supported methods.

Attempting 'gemini-pro'...
FAILED 'gemini-pro': [GoogleGenerativeAI Error]: Error fetching from https://generativelanguage.googleapis.com/v1beta/models/gemini-pro:generateContent: [404 Not Found] models/gemini-pro is not found for API version v1beta, or is not supported for generateContent. Call ListModels to see the list of available models and their supported methods.
